Error processing MLV7yLxswyY:
Error processing YaLM1L_w8KE:
Error processing 2DN5NkbSbms:
Error processing qZQZJAhXL5c: